this is a test about delete file from git
